// Jest Snapshot v1, https://goo.gl/fbAQLP

exports[`sendMassEmail sends emails to all companies 1`] = `
Array [
  Array [
    Object {
      "from": Object {
        "email": "contact@hackcu.org",
        "name": "HackCU",
      },
      "html": "<div><p>Hello Company A,</p><p>My name is Kyle and I&#x27;m currently a student studying at the University of Colorado, Boulder. I&#x27;m also an organizer of HackCU, a student run organization that is committed to bringing high quality, inclusive technology and design events including some of Colorado&#x27;s largest student hackathons. We would love to have Company A be a sponsor this year!</p><p>In March, we will be hosting HackCU 007, our main hackathon! HackCU 007 is our first virtual hackathon for 2021 where most passionate student developers will come together to build things such as mobile apps, websites, hardware devices, and other cool stuff to show off their talent and skills!</p><p>You can find more information about HackCU here: <a href=\\"https://hackcu.org/\\">https://hackcu.org/</a></p><p>Over the past few years, we have brought together some of the most gifted and innovative minds in an inspiring and fun setting and are excited to continue to bring sponsorship packages for our event. Feel free to reach out to us if you have any questions. We look forward to hearing back from you!</p><p>Best, <br/>Kyle<br/>Tech Director<br/>contact@hackcu.org</p></div>",
      "subject": "Sponsoring HackCU",
      "to": "companyA@gmail.com",
    },
  ],
  Array [
    Object {
      "from": Object {
        "email": "contact@hackcu.org",
        "name": "HackCU",
      },
      "html": "<div><p>Hello Company B,</p><p>My name is Kyle and I&#x27;m currently a student studying at the University of Colorado, Boulder. I&#x27;m also an organizer of HackCU, a student run organization that is committed to bringing high quality, inclusive technology and design events including some of Colorado&#x27;s largest student hackathons. We would love to have Company B be a sponsor this year!</p><p>In March, we will be hosting HackCU 007, our main hackathon! HackCU 007 is our first virtual hackathon for 2021 where most passionate student developers will come together to build things such as mobile apps, websites, hardware devices, and other cool stuff to show off their talent and skills!</p><p>You can find more information about HackCU here: <a href=\\"https://hackcu.org/\\">https://hackcu.org/</a></p><p>Over the past few years, we have brought together some of the most gifted and innovative minds in an inspiring and fun setting and are excited to continue to bring sponsorship packages for our event. Feel free to reach out to us if you have any questions. We look forward to hearing back from you!</p><p>Best, <br/>Kyle<br/>Tech Director<br/>contact@hackcu.org</p></div>",
      "subject": "Sponsoring HackCU",
      "to": "companyB@gmail.com",
    },
  ],
  Array [
    Object {
      "from": Object {
        "email": "contact@hackcu.org",
        "name": "HackCU",
      },
      "html": "<div><p>Hello Company C,</p><p>My name is Kyle and I&#x27;m currently a student studying at the University of Colorado, Boulder. I&#x27;m also an organizer of HackCU, a student run organization that is committed to bringing high quality, inclusive technology and design events including some of Colorado&#x27;s largest student hackathons. We would love to have Company C be a sponsor this year!</p><p>In March, we will be hosting HackCU 007, our main hackathon! HackCU 007 is our first virtual hackathon for 2021 where most passionate student developers will come together to build things such as mobile apps, websites, hardware devices, and other cool stuff to show off their talent and skills!</p><p>You can find more information about HackCU here: <a href=\\"https://hackcu.org/\\">https://hackcu.org/</a></p><p>Over the past few years, we have brought together some of the most gifted and innovative minds in an inspiring and fun setting and are excited to continue to bring sponsorship packages for our event. Feel free to reach out to us if you have any questions. We look forward to hearing back from you!</p><p>Best, <br/>Kyle<br/>Tech Director<br/>contact@hackcu.org</p></div>",
      "subject": "Sponsoring HackCU",
      "to": "companyC@gmail.com",
    },
  ],
]
`;
